Flow report for DE1_SoC_CAMERA
Fri Jul 02 03:38:22 2021
Quartus II 64-Bit Version 15.0.0 Build 145 04/22/2015 SJ Web Edition


---------------------
; Table of Contents ;
---------------------
  1. Legal Notice
  2. Flow Summary
  3. Flow Settings
  4. Flow Non-Default Global Settings
  5. Flow Elapsed Time
  6. Flow OS Summary
  7. Flow Log
  8. Flow Messages
  9. Flow Suppressed Messages



----------------
; Legal Notice ;
----------------
Copyright (C) 1991-2015 Altera Corporation. All rights reserved.
Your use of Altera Corporation's design tools, logic functions 
and other software and tools, and its AMPP partner logic 
functions, and any output files from any of the foregoing 
(including device programming or simulation files), and any 
associated documentation or information are expressly subject 
to the terms and conditions of the Altera Program License 
Subscription Agreement, the Altera Quartus II License Agreement,
the Altera MegaCore Function License Agreement, or other 
applicable license agreement, including, without limitation, 
that your use is for the sole purpose of programming logic 
devices manufactured by Altera and sold by Altera or its 
authorized distributors.  Please refer to the applicable 
agreement for further details.



+------------------------------------------------------------------------------+
; Flow Summary                                                                 ;
+---------------------------------+--------------------------------------------+
; Flow Status                     ; Successful - Fri Jul 02 03:37:54 2021      ;
; Quartus II 64-Bit Version       ; 15.0.0 Build 145 04/22/2015 SJ Web Edition ;
; Revision Name                   ; DE1_SoC_CAMERA                             ;
; Top-level Entity Name           ; DE1_SoC_CAMERA                             ;
; Family                          ; Cyclone V                                  ;
; Device                          ; 5CSEMA5F31C6                               ;
; Timing Models                   ; Final                                      ;
; Logic utilization (in ALMs)     ; 773 / 32,070 ( 2 % )                       ;
; Total registers                 ; 1236                                       ;
; Total pins                      ; 157 / 457 ( 34 % )                         ;
; Total virtual pins              ; 0                                          ;
; Total block memory bits         ; 93,856 / 4,065,280 ( 2 % )                 ;
; Total DSP Blocks                ; 14 / 87 ( 16 % )                           ;
; Total HSSI RX PCSs              ; 0                                          ;
; Total HSSI PMA RX Deserializers ; 0                                          ;
; Total HSSI TX PCSs              ; 0                                          ;
; Total HSSI PMA TX Serializers   ; 0                                          ;
; Total PLLs                      ; 1 / 6 ( 17 % )                             ;
; Total DLLs                      ; 0 / 4 ( 0 % )                              ;
+---------------------------------+--------------------------------------------+


+-----------------------------------------+
; Flow Settings                           ;
+-------------------+---------------------+
; Option            ; Setting             ;
+-------------------+---------------------+
; Start date & time ; 07/02/2021 03:35:09 ;
; Main task         ; Compilation         ;
; Revision Name     ; DE1_SoC_CAMERA      ;
+-------------------+---------------------+


+-----------------------------------------------------------------------------------------------------------------+
; Flow Non-Default Global Settings                                                                                ;
+-------------------------------------+--------------------------------+---------------+-------------+------------+
; Assignment Name                     ; Value                          ; Default Value ; Entity Name ; Section Id ;
+-------------------------------------+--------------------------------+---------------+-------------+------------+
; COMPILER_SIGNATURE_ID               ; 58166058935423.162518970806596 ; --            ; --          ; --         ;
; MAX_CORE_JUNCTION_TEMP              ; 85                             ; --            ; --          ; --         ;
; MIN_CORE_JUNCTION_TEMP              ; 0                              ; --            ; --          ; --         ;
; MISC_FILE                           ; v/sdram_pll.cmp                ; --            ; --          ; --         ;
; MISC_FILE                           ; v/sdram_pll_sim/sdram_pll.vo   ; --            ; --          ; --         ;
; MISC_FILE                           ; v/Line_Buffer1.bsf             ; --            ; --          ; --         ;
; MISC_FILE                           ; Sobel/LineBuffer_3_bb.v        ; --            ; --          ; --         ;
; MISC_FILE                           ; Sobel/PA_3_bb.v                ; --            ; --          ; --         ;
; MISC_FILE                           ; Sobel/SQRT_bb.v                ; --            ; --          ; --         ;
; MISC_FILE                           ; Sobel/MAC_3.cmp                ; --            ; --          ; --         ;
; MISC_FILE                           ; Sobel/MAC_3_sim/MAC_3.v        ; --            ; --          ; --         ;
; MISC_FILE                           ; v/Stack_RAM_bb.v               ; --            ; --          ; --         ;
; PARTITION_COLOR                     ; 16764057                       ; --            ; --          ; Top        ;
; PARTITION_FITTER_PRESERVATION_LEVEL ; PLACEMENT_AND_ROUTING          ; --            ; --          ; Top        ;
; PARTITION_NETLIST_TYPE              ; SOURCE                         ; --            ; --          ; Top        ;
; SPD_FILE                            ; v/sdram_pll.spd                ; --            ; --          ; --         ;
; SPD_FILE                            ; Sobel/MAC_3.spd                ; --            ; --          ; --         ;
; SYNTHESIS_ONLY_QIP                  ; On                             ; --            ; --          ; --         ;
; SYNTHESIS_ONLY_QIP                  ; On                             ; --            ; --          ; --         ;
+-------------------------------------+--------------------------------+---------------+-------------+------------+


+-------------------------------------------------------------------------------------------------------------------------------+
; Flow Elapsed Time                                                                                                             ;
+---------------------------+--------------+-------------------------+---------------------+------------------------------------+
; Module Name               ; Elapsed Time ; Average Processors Used ; Peak Virtual Memory ; Total CPU Time (on all processors) ;
+---------------------------+--------------+-------------------------+---------------------+------------------------------------+
; Analysis & Synthesis      ; 00:00:31     ; 1.0                     ; 4928 MB             ; 00:00:55                           ;
; Fitter                    ; 00:01:52     ; 1.0                     ; 6205 MB             ; 00:02:18                           ;
; Assembler                 ; 00:00:14     ; 1.0                     ; 4897 MB             ; 00:00:14                           ;
; TimeQuest Timing Analyzer ; 00:00:25     ; 1.0                     ; 5245 MB             ; 00:00:25                           ;
; Total                     ; 00:03:02     ; --                      ; --                  ; 00:03:52                           ;
+---------------------------+--------------+-------------------------+---------------------+------------------------------------+


+----------------------------------------------------------------------------------------+
; Flow OS Summary                                                                        ;
+---------------------------+------------------+-----------+------------+----------------+
; Module Name               ; Machine Hostname ; OS Name   ; OS Version ; Processor type ;
+---------------------------+------------------+-----------+------------+----------------+
; Analysis & Synthesis      ; DESKTOP-GRRS4VC  ; Windows 7 ; 6.2        ; x86_64         ;
; Fitter                    ; DESKTOP-GRRS4VC  ; Windows 7 ; 6.2        ; x86_64         ;
; Assembler                 ; DESKTOP-GRRS4VC  ; Windows 7 ; 6.2        ; x86_64         ;
; TimeQuest Timing Analyzer ; DESKTOP-GRRS4VC  ; Windows 7 ; 6.2        ; x86_64         ;
+---------------------------+------------------+-----------+------------+----------------+


------------
; Flow Log ;
------------
quartus_map --read_settings_files=on --write_settings_files=off DE1_SoC_CAMERA -c DE1_SoC_CAMERA
quartus_fit --read_settings_files=off --write_settings_files=off DE1_SoC_CAMERA -c DE1_SoC_CAMERA
quartus_asm --read_settings_files=off --write_settings_files=off DE1_SoC_CAMERA -c DE1_SoC_CAMERA
quartus_sta DE1_SoC_CAMERA -c DE1_SoC_CAMERA



